<html>
<body>
<pre>
<h1>礦ision Build Log</h1>
<h2>Tool Versions:</h2>
IDE-Version: μVision V5.22.0.0
Copyright (C) 2016 ARM Ltd and ARM Germany GmbH. All rights reserved.
License Information: Yoyung Administrator, Yoyung, LIC=TA312-94FIG-JNIA8-3AUQ6-FY8SI-P8V58
 
Tool Versions:
Toolchain:       MDK-ARM Professional  Version: 5.22
Toolchain Path:  D:\Keil C51\ARM\ARMCC\Bin
C Compiler:      Armcc.exe V5.06 update 4 (build 422)
Assembler:       Armasm.exe V5.06 update 4 (build 422)
Linker/Locator:  ArmLink.exe V5.06 update 4 (build 422)
Library Manager: ArmAr.exe V5.06 update 4 (build 422)
Hex Converter:   FromElf.exe V5.06 update 4 (build 422)
CPU DLL:         SARMCM3.DLL V5.22
Dialog DLL:      DCM.DLL V1.13.9.0
Target DLL:      STLink\ST-LINKIII-KEIL_SWO.dll V2.0.18.0
Dialog DLL:      TCM.DLL V1.21.0.0
 
<h2>Project:</h2>
F:\无人机解决方案 物联网系统\Yoyung 开关控制系统\Github_Repository_\GPIO\MDK-ARM\GPIO.uvprojx
Project File Date:  06/08/2019

<h2>Output:</h2>
*** Using Compiler 'V5.06 update 4 (build 422)', folder: 'D:\Keil C51\ARM\ARMCC\Bin'
Rebuild target 'GPIO'
assembling startup_stm32f103xb.s...
compiling stm32f1xx_hal_tim.c...
compiling stm32f1xx_hal_tim_ex.c...
compiling main.c...
compiling stm32f1xx_hal_msp.c...
compiling stm32f1xx_hal_gpio_ex.c...
compiling stm32f1xx_it.c...
compiling stm32f1xx_hal.c...
compiling stm32f1xx_hal_pwr.c...
compiling stm32f1xx_hal_cortex.c...
compiling stm32f1xx_hal_dma.c...
compiling stm32f1xx_hal_flash.c...
compiling stm32f1xx_hal_rcc_ex.c...
compiling stm32f1xx_hal_gpio.c...
compiling stm32f1xx_hal_rcc.c...
compiling system_stm32f1xx.c...
compiling stm32f1xx_hal_flash_ex.c...
linking...
Program Size: Code=2678 RO-data=286 RW-data=16 ZI-data=1024  
FromELF: creating hex file...
"GPIO\GPIO.axf" - 0 Error(s), 0 Warning(s).

<h2>Software Packages used:</h2>

Package Vendor: ARM
                http://www.keil.com/pack/ARM.CMSIS.5.0.0.pack
                ARM::CMSIS:CORE:5.0.0
                CMSIS (Cortex Microcontroller Software Interface Standard)
   * Component: CORE Version: 5.0.0

<h2>Collection of Component include folders:</h2>
  F:\无人机解决方案 物联网系统\Yoyung 开关控制系统\Github_Repository_\GPIO\MDK-ARM\RTE\_GPIO
  D:\Keil C51\ARM\PACK\ARM\CMSIS\5.0.0\CMSIS\Include
  D:\Keil C51\ARM\PACK\Keil\STM32F1xx_DFP\2.2.0\Device\Include

<h2>Collection of Component Files used:</h2>

   * Component: ARM::CMSIS:CORE:5.0.0
Build Time Elapsed:  00:00:09
</pre>
</body>
</html>
